/*===TOKENS===*/
CS_FIXED                 <C>
BlankIndicator           <  >
BlankFlag                < >
BlankIndicator           <  >
CS_BlankFactor           <              >
OP_EVAL                  <EVAL>
ID                       <val1>
'='                      <=>
BIF_CHECKR               <%CHECKR>
'('                      <(>
ID                       <FLD1>
COLON                    <:>
ID                       <FLD2>
')'                      <)>
C_FREE_NEWLINE           <
>
CS_FIXED                 <C>
BlankIndicator           <  >
BlankFlag                < >
BlankIndicator           <  >
CS_BlankFactor           <              >
OP_EVAL                  <EVAL>
ID                       <val2>
'='                      <=>
BIF_CHECKR               <%CHECKR>
'('                      <(>
StringLiteralStart       <'>
StringContent            <delim>
StringLiteralEnd         <'>
COLON                    <:>
StringLiteralStart       <'>
StringContent            <mystring>
StringLiteralEnd         <'>
')'                      <)>
C_FREE_NEWLINE           <
>
CS_FIXED                 <C>
BlankIndicator           <  >
BlankFlag                < >
BlankIndicator           <  >
CS_BlankFactor           <              >
OP_EVAL                  <EVAL>
ID                       <val3>
'='                      <=>
BIF_CHECKR               <%checkr>
'('                      <(>
ID                       <delim>
COLON                    <:>
StringLiteralStart       <'>
StringContent            <thestirng>
StringLiteralEnd         <'>
')'                      <)>
C_FREE_NEWLINE           <
>
CS_FIXED                 <C>
BlankIndicator           <  >
BlankFlag                < >
BlankIndicator           <  >
CS_BlankFactor           <              >
OP_EVAL                  <EVAL>
ID                       <val4>
'='                      <=>
BIF_CHECKR               <%checkr>
'('                      <(>
BIF_STR                  <%str>
'('                      <(>
ID                       <fld>
')'                      <)>
COLON                    <:>
ID                       <mystringfld>
COLON                    <:>
NUMBER                   <5>
')'                      <)>
C_FREE_NEWLINE           <
>
DIRECTIVE                < />
DIR_FREE                 <free>
EOL                      <
>
ID                       <val1>
'='                      <=>
BIF_CHECKR               <%checkr>
'('                      <(>
ID                       <fld1>
COLON                    <:>
ID                       <FLD2>
')'                      <)>
FREE_SEMI                <;>
FE_COMMENTS              <//>
COMMENTS_TEXT_HIDDEN     <comment 1                                                   >
COMMENTS_EOL_HIDDEN      <
>
ID                       <val2>
'='                      <=>
BIF_CHECKR               <%CHECKR>
'('                      <(>
StringLiteralStart       <'>
StringContent            <,;>
StringLiteralEnd         <'>
COLON                    <:>
StringLiteralStart       <'>
StringContent            <dfsdf,;>
StringLiteralEnd         <'>
')'                      <)>
FREE_SEMI                <;>
FE_COMMENTS              <//>
COMMENTS_TEXT_HIDDEN     <comment 2                                              >
COMMENTS_EOL_HIDDEN      <
>
ID                       <val3>
'='                      <=>
BIF_CHECKR               <%Checkr>
'('                      <(>
ID                       <delim>
COLON                    <:>
StringLiteralStart       <'>
StringContent            <thersting>
StringLiteralEnd         <'>
')'                      <)>
FREE_SEMI                <;>
FE_COMMENTS              <//>
COMMENTS_TEXT_HIDDEN     <comment 3                                           >
COMMENTS_EOL_HIDDEN      <
>
ID                       <val4>
'='                      <=>
BIF_CHECKR               <%Checkr>
'('                      <(>
BIF_STR                  <%str>
'('                      <(>
ID                       <fld>
')'                      <)>
COLON                    <:>
ID                       <mystringfld>
COLON                    <:>
NUMBER                   <5>
')'                      <)>
FREE_SEMI                <;>
FE_COMMENTS              <//>
COMMENTS_TEXT_HIDDEN     <comment 4                                     >
COMMENTS_EOL_HIDDEN      <
>
DIRECTIVE                < />
DIR_ENDFREE              <end-free>
EOL                      <
>
EMPTY_LINE               <                                                                           >
COMMENTS_TEXT            <                   >
/*===TREE===*/
(r
  (statement
    (cspec_fixed
      C
      (cs_controlLevel '  ')
      (onOffIndicatorsFlag ' ')
      (cs_indicators '  ')
      (factor '              ')
      (cspec_fixed_x2
        (csOperationAndExtendedFactor2 EVAL)
        (c_free
          (baseExpression
            (op
              (op_eval
                (assignmentExpression
                  (expression (identifier (free_identifier val1)))
                  =
                  (expression
                    (bif
                      (bif_checkr
                        %CHECKR
                        (
                        (expression (identifier (free_identifier FLD1)))
                        :
                        (expression (identifier (free_identifier FLD2)))
                        )
                      )
                    )
                  )
                )
              )
            )
          )
        )
        \r\n
      )
    )
  )
  (statement
    (cspec_fixed
      C
      (cs_controlLevel '  ')
      (onOffIndicatorsFlag ' ')
      (cs_indicators '  ')
      (factor '              ')
      (cspec_fixed_x2
        (csOperationAndExtendedFactor2 EVAL)
        (c_free
          (baseExpression
            (op
              (op_eval
                (assignmentExpression
                  (expression (identifier (free_identifier val2)))
                  =
                  (expression
                    (bif
                      (bif_checkr
                        %CHECKR
                        (
                        (expression (literal ' delim '))
                        :
                        (expression (literal ' mystring '))
                        )
                      )
                    )
                  )
                )
              )
            )
          )
        )
        \r\n
      )
    )
  )
  (statement
    (cspec_fixed
      C
      (cs_controlLevel '  ')
      (onOffIndicatorsFlag ' ')
      (cs_indicators '  ')
      (factor '              ')
      (cspec_fixed_x2
        (csOperationAndExtendedFactor2 EVAL)
        (c_free
          (baseExpression
            (op
              (op_eval
                (assignmentExpression
                  (expression (identifier (free_identifier val3)))
                  =
                  (expression
                    (bif
                      (bif_checkr
                        %checkr
                        (
                        (expression (identifier (free_identifier delim)))
                        :
                        (expression (literal ' thestirng '))
                        )
                      )
                    )
                  )
                )
              )
            )
          )
        )
        \r\n
      )
    )
  )
  (statement
    (cspec_fixed
      C
      (cs_controlLevel '  ')
      (onOffIndicatorsFlag ' ')
      (cs_indicators '  ')
      (factor '              ')
      (cspec_fixed_x2
        (csOperationAndExtendedFactor2 EVAL)
        (c_free
          (baseExpression
            (op
              (op_eval
                (assignmentExpression
                  (expression (identifier (free_identifier val4)))
                  =
                  (expression
                    (bif
                      (bif_checkr
                        %checkr
                        (
                        (expression
                          (bif (bif_str %str ( (expression (identifier (free_identifier fld))) )))
                        )
                        :
                        (expression (identifier (free_identifier mystringfld)))
                        :
                        (expression (number 5))
                        )
                      )
                    )
                  )
                )
              )
            )
          )
        )
        \r\n
      )
    )
  )
  (statement (directive ' /' (beginfree_directive free) \r\n))
  (statement
    (free
      (baseExpression
        (op
          (op_eval
            (assignmentExpression
              (expression (identifier (free_identifier val1)))
              =
              (expression
                (bif
                  (bif_checkr
                    %checkr
                    (
                    (expression (identifier (free_identifier fld1)))
                    :
                    (expression (identifier (free_identifier FLD2)))
                    )
                  )
                )
              )
            )
          )
        )
      )
      ;
    )
  )
  (statement
    (free
      (baseExpression
        (op
          (op_eval
            (assignmentExpression
              (expression (identifier (free_identifier val2)))
              =
              (expression
                (bif
                  (bif_checkr
                    %CHECKR
                    (
                    (expression (literal ' ,; '))
                    :
                    (expression (literal ' dfsdf,; '))
                    )
                  )
                )
              )
            )
          )
        )
      )
      ;
    )
  )
  (statement
    (free
      (baseExpression
        (op
          (op_eval
            (assignmentExpression
              (expression (identifier (free_identifier val3)))
              =
              (expression
                (bif
                  (bif_checkr
                    %Checkr
                    (
                    (expression (identifier (free_identifier delim)))
                    :
                    (expression (literal ' thersting '))
                    )
                  )
                )
              )
            )
          )
        )
      )
      ;
    )
  )
  (statement
    (free
      (baseExpression
        (op
          (op_eval
            (assignmentExpression
              (expression (identifier (free_identifier val4)))
              =
              (expression
                (bif
                  (bif_checkr
                    %Checkr
                    (
                    (expression
                      (bif (bif_str %str ( (expression (identifier (free_identifier fld))) )))
                    )
                    :
                    (expression (identifier (free_identifier mystringfld)))
                    :
                    (expression (number 5))
                    )
                  )
                )
              )
            )
          )
        )
      )
      ;
    )
  )
  (statement (directive ' /' (endfree_directive end-free) \r\n))
)
/*======*/