/*===TOKENS===*/
COMMENT_SPEC_FIXED       <D*>
HIDDEN:COMMENTS_TEXT     < fixed-form declarations                                                                    >
DS_FIXED                 <D>
NAME                     <string>
EXTERNAL_DESCRIPTION     < >
DATA_STRUCTURE_TYPE      <S>
DEF_TYPE                 <  >
FROM_POSITION            <       >
TO_POSITION              <     50>
DATA_TYPE                <A>
DECIMAL_POSITIONS        <  >
RESERVED                 < >
KEYWORDS                 <VARYING                                                 >
EOL                      <
>
DS_FIXED                 <D>
NAME                     <date>
EXTERNAL_DESCRIPTION     < >
DATA_STRUCTURE_TYPE      <S>
DEF_TYPE                 <  >
FROM_POSITION            <       >
TO_POSITION              <       >
DATA_TYPE                <D>
DECIMAL_POSITIONS        <  >
RESERVED                 < >
KEYWORDS                 <DATFMT(*MDY)                                            >
EOL                      <
>
DS_FIXED                 <D>
NAME                     <obj>
EXTERNAL_DESCRIPTION     < >
DATA_STRUCTURE_TYPE      <S>
DEF_TYPE                 <  >
FROM_POSITION            <       >
TO_POSITION              <       >
DATA_TYPE                <O>
DECIMAL_POSITIONS        <  >
RESERVED                 < >
KEYWORDS                 <CLASS(*JAVA:'MyClass')                                  >
EOL                      <
>
DS_FIXED                 <D>
NAME                     <ptr>
EXTERNAL_DESCRIPTION     < >
DATA_STRUCTURE_TYPE      <S>
DEF_TYPE                 <  >
FROM_POSITION            <       >
TO_POSITION              <       >
DATA_TYPE                <*>
DECIMAL_POSITIONS        <  >
RESERVED                 < >
KEYWORDS                 <PROCPTR                                                 >
EOL                      <
>
HIDDEN:COMMENTS          <    //>
HIDDEN:COMMENTS_TEXT     < free-form declarations                                                                 >
DS_Standalone            <DCL-S>
ID                       <string>
VARCHAR                  <VARCHAR>
'('                      <(>
NUMBER                   <50>
')'                      <)>
FREE_SEMI                <;>
DS_Standalone            <DCL-S>
DATE_                    <date>
DATE_                    <DATE>
'('                      <(>
SPLAT_MDY                <*MDY>
')'                      <)>
FREE_SEMI                <;>
DS_Standalone            <DCL-S>
ID                       <obj>
OBJECT                   <OBJECT>
'('                      <(>
SPLAT_JAVA               <*JAVA>
COLON                    <:>
StringLiteralStart       <'>
StringContent            <MyClass>
StringLiteralEnd         <'>
')'                      <)>
FREE_SEMI                <;>
DS_Standalone            <DCL-S>
ID                       <ptr>
POINTER                  <POINTER>
'('                      <(>
ID                       <*PROC>
')'                      <)>
FREE_SEMI                <;>
DS_Standalone            <DCL-S>
ID                       <first_name>
CHAR                     <CHAR>
'('                      <(>
NUMBER                   <10>
')'                      <)>
KEYWORD_INZ              <INZ>
'('                      <(>
StringLiteralStart       <'>
StringContent            <John>
StringLiteralEnd         <'>
')'                      <)>
FREE_SEMI                <;>
/*===TREE===*/
(r
  (statement (star_comments D*))
  (statement
    (dspec_fixed
      D
      (ds_name string)
      ' '
      S
      '  '
      '       '
      '     50'
      A
      '  '
      ' '
      'VARYING                                                 '
      \r\n
    )
  )
  (statement
    (dspec_fixed
      D
      (ds_name date)
      ' '
      S
      '  '
      '       '
      '       '
      D
      '  '
      ' '
      'DATFMT(*MDY)                                            '
      \r\n
    )
  )
  (statement
    (dspec_fixed
      D
      (ds_name obj)
      ' '
      S
      '  '
      '       '
      '       '
      O
      '  '
      ' '
      'CLASS(*JAVA:'MyClass')                                  '
      \r\n
    )
  )
  (statement
    (dspec_fixed
      D
      (ds_name ptr)
      ' '
      S
      '  '
      '       '
      '       '
      *
      '  '
      ' '
      'PROCPTR                                                 '
      \r\n
    )
  )
  (dspec
    DCL-S
    (identifier (free_identifier (idOrKeyword string)))
    (datatype (datatypeName VARCHAR) (args ( (expression (number 50)) )))
    ;
  )
  (dspec
    DCL-S
    (identifier (free_identifier (idOrKeyword (datatypeName date))))
    (datatype
      (datatypeName DATE)
      (args ( (expression (identifier (all (symbolicConstants *MDY)))) ))
    )
    ;
  )
  (dspec
    DCL-S
    (identifier (free_identifier (idOrKeyword obj)))
    (datatype
      (datatypeName OBJECT)
      (args
        (
        (expression (identifier (all (symbolicConstants *JAVA))))
        :
        (expression (literal ' MyClass '))
        )
      )
    )
    ;
  )
  (dspec
    DCL-S
    (identifier (free_identifier (idOrKeyword ptr)))
    (datatype
      (datatypeName POINTER)
      (args ( (expression (identifier (free_identifier (idOrKeyword *PROC)))) ))
    )
    ;
  )
  (dspec
    DCL-S
    (identifier (free_identifier (idOrKeyword first_name)))
    (datatype (datatypeName CHAR) (args ( (expression (number 10)) )))
    (keyword (keyword_inz INZ ( (simpleExpression (literal ' John ')) )))
    ;
  )
)
/*======*/