/*===TOKENS===*/
HS_FIXED                 <H>
ID                       <DATFMT>
'('                      <(>
ID                       <*MDY&>
')'                      <)>
EOL                      <
>
/*===TREE===*/
(r (statement (hspec_fixed H (hs_expression DATFMT ( (hs_parm *MDY&) )) \n)))
/*======*/