/*===TOKENS===*/
DS_FIXED                 <D>
NAME                     <defaultRFH2>
EXTERNAL_DESCRIPTION     < >
DATA_STRUCTURE_TYPE      < >
DEF_TYPE_DS              <DS>
FROM_POSITION            <       >
TO_POSITION              <       >
DATA_TYPE                < >
DECIMAL_POSITIONS        <  >
RESERVED                 < >
KEYWORD_QUALIFIED        <qualified>
EOL                      <
>
HIDDEN:DIRECTIVE         <D/>
HIDDEN:DIR_COPY          <copy>
HIDDEN:DIR_OtherText     <QMQM>
HIDDEN:DIR_Slash         </>
HIDDEN:DIR_OtherText     <QRPGLESRC>
HIDDEN:DIR_Comma         <,>
HIDDEN:DIR_OtherText     <CMQRFH2G>
DS_FIXED                 <D>
NAME                     <pscLen>
EXTERNAL_DESCRIPTION     < >
DATA_STRUCTURE_TYPE      < >
DEF_TYPE_BLANK           <  >
FROM_POSITION            <       >
TO_POSITION              <     10>
DATA_TYPE                <I>
DECIMAL_POSITIONS        < 0>
RESERVED                 < >
EOL                      <
>
/*===TREE===*/
(r
  (statement
    (dcl_ds
      D
      (ds_name defaultRFH2)
      ' '
      ' '
      DS
      '       '
      '       '
      ' '
      '  '
      ' '
      (keyword (keyword_qualified qualified))
      \n
      (parm_fixed D (ds_name pscLen) ' ' ' ' '  ' '       ' '     10' I ' 0' ' ' \n)
    )
  )
)
/*======*/