/*===TOKENS===*/
DIRECTIVE                < />
DIR_IF                   <IF>
'DEFINED'                <DEFINED>
'('                      <(>
DIR_OtherText            <*CRTRPGMOD>
')'                      <)>
EOL                      <                                                                      
>
DIRECTIVE                < />
DIR_IF                   <IF>
'NOT'                    <NOT>
'DEFINED'                <DEFINED>
'('                      <(>
DIR_OtherText            <THIS_IS_MAIN>
')'                      <)>
EOL                      <                                                                
>
HS_FIXED                 <H>
ID                       <NOMAIN>
EOL                      <
>
DIRECTIVE                < />
DIR_ENDIF                <ENDIF>
EOL                      <                                                                                       
>
DIRECTIVE                < />
DIR_ENDIF                <ENDIF>
/*===TREE===*/
(r
  (statement
    (directive
      ' /'
      (dir_if IF DEFINED ( (copyText *CRTRPGMOD) ))
      '                                                                      \r\n'
    )
  )
  (statement
    (directive
      ' /'
      (dir_if IF NOT DEFINED ( (copyText THIS_IS_MAIN) ))
      '                                                                \r\n'
    )
  )
  (statement (hspec_fixed H (hs_expression NOMAIN) \r\n))
  (statement
    (directive
      ' /'
      (dir_endif ENDIF)
      '                                                                                       \r\n'
    )
  )
  (statement (directive ' /' (dir_endif ENDIF) <EOF>))
)
/*======*/