/*===TOKENS===*/
COMMENT_SPEC_FIXED       <C*>
COMMENTS_TEXT            <0N01Factor1+++++++Opcode(E)+Factor2+++++++Result++++++++Len++D+HiLoEq....                   >
CS_FIXED                 <C>
BlankIndicator           <  >
BlankFlag                < >
BlankIndicator           <  >
SPLAT_ENTRY              <*Entry>
OP_PLIST                 <PList>
CS_BlankFactor           <              >
CS_BlankFactor           <              >
CS_FieldLength           <     >
CS_DecimalPositions      <  >
BlankIndicator           <  >
BlankIndicator           <  >
BlankIndicator           <  >
EOL                      <
>
CS_FIXED                 <C>
BlankIndicator           <  >
BlankFlag                < >
BlankIndicator           <  >
CS_BlankFactor           <              >
OP_PARM                  <Parm>
CS_BlankFactor           <              >
CS_FactorContent         <w_RtnValue>
CS_FieldLength           <     >
CS_DecimalPositions      <  >
BlankIndicator           <  >
BlankIndicator           <  >
BlankIndicator           <  >
EOL                      <
>
COMMENT_SPEC_FIXED       < *>
COMMENTS_TEXT            <                                                                                            >
CS_FIXED                 <C>
BlankIndicator           <  >
BlankFlag                < >
BlankIndicator           <  >
CS_FactorContentLiteral  <'QPADEV0'>
OP_ACQ                   <ACQ>
'('                      <(>
CS_OperationAndExtender  <e>
')'                      <)>
CS_FactorContent         <ORCH01DSPF>
CS_BlankFactor           <              >
CS_FieldLength           <     >
CS_DecimalPositions      <  >
BlankIndicator           <  >
BlankIndicator           <  >
BlankIndicator           <  >
EOL                      <
>
CS_FIXED                 <C>
BlankIndicator           <  >
BlankFlag                < >
BlankIndicator           <  >
CS_FactorContentLiteral  <'QPADEV0'>
OP_ACQ                   <acq>
CS_FactorContent         <ORCH01DSPF>
CS_BlankFactor           <              >
CS_FieldLength           <     >
CS_DecimalPositions      <  >
BlankIndicator           <  >
BlankIndicator           <  >
BlankIndicator           <  >
EOL                      <
>
CS_FIXED                 <C>
BlankIndicator           <  >
BlankFlag                < >
BlankIndicator           <  >
CS_FactorContentLiteral  <'QPADEV0'>
OP_ACQ                   <acq>
CS_FactorContent         <ORCH01DSPF>
CS_BlankFactor           <              >
CS_FieldLength           <     >
CS_DecimalPositions      <  >
BlankIndicator           <  >
GeneralIndicator         <99>
BlankIndicator           <  >
EOL                      <
>
DIRECTIVE                < />
DIR_FREE                 <Free>
EOL                      <
>
OP_ACQ                   <ACQ>
'('                      <(>
CS_OperationAndExtender  <e>
')'                      <)>
ID                       <qpadev0>
ID                       <ORCH01DSPF>
FREE_SEMI                <;>
OP_ACQ                   <acq>
ID                       <qpadev1>
ID                       <orch01dspf>
FREE_SEMI                <;>
COMMENTS                 <     //>
COMMENTS_TEXT            <comments                                                                               >
DIRECTIVE                < />
DIR_ENDFREE              <end-free>
EOL                      <
>
CS_FIXED                 <C>
BlankIndicator           <  >
BlankFlag                < >
BlankIndicator           <  >
CS_BlankFactor           <              >
OP_SETON                 <SETON>
CS_BlankFactor           <              >
CS_BlankFactor           <              >
CS_FieldLength           <     >
CS_DecimalPositions      <  >
LastRecordIndicator      <LR>
BlankIndicator           <  >
BlankIndicator           <  >
EOL                      <
>
/*===TREE===*/
(r
  (statement (star_comments C*))
  (statement
    (cspec_fixed
      C
      (cs_controlLevel '  ')
      (onOffIndicatorsFlag ' ')
      (cs_indicators '  ')
      (factor (symbolicConstants *Entry))
      (cspec_fixed_standard
        (csPLIST
          PList
          (cspec_fixed_standard_parts
            (factor '              ')
            (resultType '              ')
            '     '
            '  '
            (resultIndicator '  ')
            (resultIndicator '  ')
            (resultIndicator '  ')
            \r\n
          )
          (csPARM
            C
            '  '
            ' '
            '  '
            '              '
            Parm
            (cspec_fixed_standard_parts
              (factor '              ')
              (resultType w_RtnValue)
              '     '
              '  '
              (resultIndicator '  ')
              (resultIndicator '  ')
              (resultIndicator '  ')
              \n
            )
          )
        )
      )
    )
  )
  (statement (star_comments ' *'))
  (statement
    (cspec_fixed
      C
      (cs_controlLevel '  ')
      (onOffIndicatorsFlag ' ')
      (cs_indicators '  ')
      (factor (factorContent 'QPADEV0'))
      (cspec_fixed_standard
        (csACQ
          ACQ
          (cs_operationExtender ( e ))
          (cspec_fixed_standard_parts
            (factor (factorContent ORCH01DSPF))
            (resultType '              ')
            '     '
            '  '
            (resultIndicator '  ')
            (resultIndicator '  ')
            (resultIndicator '  ')
            \n
          )
        )
      )
    )
  )
  (statement
    (cspec_fixed
      C
      (cs_controlLevel '  ')
      (onOffIndicatorsFlag ' ')
      (cs_indicators '  ')
      (factor (factorContent 'QPADEV0'))
      (cspec_fixed_standard
        (csACQ
          acq
          (cspec_fixed_standard_parts
            (factor (factorContent ORCH01DSPF))
            (resultType '              ')
            '     '
            '  '
            (resultIndicator '  ')
            (resultIndicator '  ')
            (resultIndicator '  ')
            \n
          )
        )
      )
    )
  )
  (statement
    (cspec_fixed
      C
      (cs_controlLevel '  ')
      (onOffIndicatorsFlag ' ')
      (cs_indicators '  ')
      (factor (factorContent 'QPADEV0'))
      (cspec_fixed_standard
        (csACQ
          acq
          (cspec_fixed_standard_parts
            (factor (factorContent ORCH01DSPF))
            (resultType '              ')
            '     '
            '  '
            (resultIndicator '  ')
            (resultIndicator 99)
            (resultIndicator '  ')
            \n
          )
        )
      )
    )
  )
  (statement (directive ' /' (beginfree_directive Free) \n))
  (statement
    (free
      (baseExpression
        (op
          (op_acq
            ACQ
            (cs_operationExtender ( e ))
            (identifier (free_identifier qpadev0))
            (identifier (free_identifier ORCH01DSPF))
          )
        )
      )
      ;
    )
  )
  (statement
    (free
      (baseExpression
        (op
          (op_acq
            acq
            (identifier (free_identifier qpadev1))
            (identifier (free_identifier orch01dspf))
          )
        )
      )
      ;
    )
  )
  (statement (directive ' /' (endfree_directive end-free) \r\n))
  (statement
    (cspec_fixed
      C
      (cs_controlLevel '  ')
      (onOffIndicatorsFlag ' ')
      (cs_indicators '  ')
      (factor '              ')
      (cspec_fixed_standard
        (csSETON
          SETON
          (cspec_fixed_standard_parts
            (factor '              ')
            (resultType '              ')
            '     '
            '  '
            (resultIndicator LR)
            (resultIndicator '  ')
            (resultIndicator '  ')
            \r\n
          )
        )
      )
    )
  )
)
/*======*/