/*===TOKENS===*/
COMMENT_SPEC_FIXED       <C*>
COMMENTS_TEXT            <0N01Factor1+++++++Opcode(E)+Factor2+++++++Result++++++++Len++D+HiLoEq....                   >
CS_FIXED                 <C>
BlankIndicator           <  >
BlankFlag                < >
BlankIndicator           <  >
SPLAT_ENTRY              <*Entry>
OP_PLIST                 <PList>
CS_BlankFactor           <              >
CS_BlankFactor           <              >
CS_FieldLength           <     >
CS_DecimalPositions      <  >
BlankIndicator           <  >
BlankIndicator           <  >
BlankIndicator           <  >
EOL                      <
>
COMMENT_SPEC_FIXED       < *>
COMMENTS_TEXT            <                                                                                            >
CS_FIXED                 <C>
BlankIndicator           <  >
BlankFlag                < >
BlankIndicator           <  >
CS_FactorContent         <XX>
OP_IFEQ                  <IFEQ>
CS_FactorContentLiteral  <'A'>
CS_BlankFactor           <              >
CS_FieldLength           <     >
CS_DecimalPositions      <  >
BlankIndicator           <  >
BlankIndicator           <  >
BlankIndicator           <  >
EOL                      <
>
CS_FIXED                 <C>
BlankIndicator           <  >
BlankFlag                < >
BlankIndicator           <  >
CS_FactorContent         <YY>
OP_ANDEQ                 <ANDEQ>
CS_FactorContentLiteral  <'B'>
CS_BlankFactor           <              >
CS_FieldLength           <     >
CS_DecimalPositions      <  >
BlankIndicator           <  >
BlankIndicator           <  >
BlankIndicator           <  >
EOL                      <
>
CS_FIXED                 <C>
BlankIndicator           <  >
BlankFlag                < >
BlankIndicator           <  >
CS_BlankFactor           <              >
OP_ENDIF                 <endif>
CS_BlankFactor           <              >
CS_BlankFactor           <              >
CS_FieldLength           <     >
CS_DecimalPositions      <  >
BlankIndicator           <  >
BlankIndicator           <  >
BlankIndicator           <  >
EOL                      <
>
COMMENT_SPEC_FIXED       < *>
COMMENTS_TEXT            <                                                                                            >
CS_FIXED                 <C>
BlankIndicator           <  >
BlankFlag                < >
BlankIndicator           <  >
CS_FactorContent         <XX>
OP_IFEQ                  <ifeq>
CS_FactorContentLiteral  <'A'>
CS_BlankFactor           <              >
CS_FieldLength           <     >
CS_DecimalPositions      <  >
BlankIndicator           <  >
BlankIndicator           <  >
BlankIndicator           <  >
EOL                      <
>
CS_FIXED                 <C>
BlankIndicator           <  >
BlankFlag                < >
BlankIndicator           <  >
CS_FactorContent         <YY>
OP_ANDGT                 <ANDGT>
CS_FactorContentLiteral  <'B'>
CS_BlankFactor           <              >
CS_FieldLength           <     >
CS_DecimalPositions      <  >
BlankIndicator           <  >
BlankIndicator           <  >
BlankIndicator           <  >
EOL                      <
>
CS_FIXED                 <C>
BlankIndicator           <  >
BlankFlag                < >
BlankIndicator           <  >
CS_FactorContent         <ZZ>
OP_ANDLT                 <ANDLT>
CS_FactorContentLiteral  <'C'>
CS_BlankFactor           <              >
CS_FieldLength           <     >
CS_DecimalPositions      <  >
BlankIndicator           <  >
BlankIndicator           <  >
BlankIndicator           <  >
EOL                      <
>
CS_FIXED                 <C>
BlankIndicator           <  >
BlankFlag                < >
BlankIndicator           <  >
SPLAT_INDICATOR          <*IN50>
OP_ANDEQ                 <andeq>
SPLAT_ON                 <*ON>
CS_BlankFactor           <              >
CS_FieldLength           <     >
CS_DecimalPositions      <  >
BlankIndicator           <  >
BlankIndicator           <  >
BlankIndicator           <  >
EOL                      <
>
CS_FIXED                 <C>
BlankIndicator           <  >
BlankFlag                < >
BlankIndicator           <  >
CS_BlankFactor           <              >
OP_ENDIF                 <endif>
CS_BlankFactor           <              >
CS_BlankFactor           <              >
CS_FieldLength           <     >
CS_DecimalPositions      <  >
BlankIndicator           <  >
BlankIndicator           <  >
BlankIndicator           <  >
EOL                      <
>
COMMENT_SPEC_FIXED       < *>
COMMENTS_TEXT            <                                                                                            >
CS_FIXED                 <C>
BlankIndicator           <  >
BlankFlag                < >
BlankIndicator           <  >
CS_FactorContent         <XX>
OP_IFEQ                  <ifeq>
CS_FactorContentLiteral  <'A'>
CS_BlankFactor           <              >
CS_FieldLength           <     >
CS_DecimalPositions      <  >
BlankIndicator           <  >
BlankIndicator           <  >
BlankIndicator           <  >
EOL                      <
>
CS_FIXED                 <C>
BlankIndicator           <  >
BlankFlag                < >
BlankIndicator           <  >
CS_FactorContent         <YY>
OP_ANDGE                 <ANDGE>
CS_FactorContentLiteral  <'B'>
CS_BlankFactor           <              >
CS_FieldLength           <     >
CS_DecimalPositions      <  >
BlankIndicator           <  >
BlankIndicator           <  >
BlankIndicator           <  >
EOL                      <
>
CS_FIXED                 <C>
BlankIndicator           <  >
BlankFlag                < >
BlankIndicator           <  >
CS_FactorContent         <ZZ>
OP_ANDLT                 <ANDLT>
CS_FactorContentLiteral  <'C'>
CS_BlankFactor           <              >
CS_FieldLength           <     >
CS_DecimalPositions      <  >
BlankIndicator           <  >
BlankIndicator           <  >
BlankIndicator           <  >
EOL                      <
>
CS_FIXED                 <C>
BlankIndicator           <  >
BlankFlag                < >
BlankIndicator           <  >
SPLAT_INDICATOR          <*IN50>
OP_ANDEQ                 <andEq>
SPLAT_ON                 <*ON>
CS_BlankFactor           <              >
CS_FieldLength           <     >
CS_DecimalPositions      <  >
BlankIndicator           <  >
BlankIndicator           <  >
BlankIndicator           <  >
EOL                      <
>
CS_FIXED                 <C>
BlankIndicator           <  >
BlankFlag                < >
BlankIndicator           <  >
CS_BlankFactor           <              >
OP_ENDIF                 <endif>
CS_BlankFactor           <              >
CS_BlankFactor           <              >
CS_FieldLength           <     >
CS_DecimalPositions      <  >
BlankIndicator           <  >
BlankIndicator           <  >
BlankIndicator           <  >
EOL                      <
>
CS_FIXED                 <C>
BlankIndicator           <  >
BlankFlag                < >
BlankIndicator           <  >
CS_BlankFactor           <              >
OP_SETON                 <SETON>
CS_BlankFactor           <              >
CS_BlankFactor           <              >
CS_FieldLength           <     >
CS_DecimalPositions      <  >
LastRecordIndicator      <LR>
BlankIndicator           <  >
BlankIndicator           <  >
EOL                      <
>
/*===TREE===*/
(r
  (statement (star_comments C*))
  (statement
    (cspec_fixed
      C
      (cs_controlLevel '  ')
      (onOffIndicatorsFlag ' ')
      (cs_indicators '  ')
      (factor (symbolicConstants *Entry))
      (cspec_fixed_standard
        (csPLIST
          PList
          (cspec_fixed_standard_parts
            (factor '              ')
            (resultType '              ')
            '     '
            '  '
            (resultIndicator '  ')
            (resultIndicator '  ')
            (resultIndicator '  ')
            \r\n
          )
        )
      )
    )
  )
  (statement (star_comments ' *'))
  (statement
    (block
      (csIFxx
        C
        (cs_controlLevel '  ')
        (onOffIndicatorsFlag ' ')
        (cs_indicators '  ')
        (factor (factorContent XX))
        (csIFEQ
          IFEQ
          (cspec_fixed_standard_parts
            (factor (factorContent 'A'))
            (resultType '              ')
            '     '
            '  '
            (resultIndicator '  ')
            (resultIndicator '  ')
            (resultIndicator '  ')
            \n
          )
        )
        (csANDxx
          C
          (cs_controlLevel '  ')
          (onOffIndicatorsFlag ' ')
          (cs_indicators '  ')
          (factor (factorContent YY))
          (csANDEQ
            ANDEQ
            (cspec_fixed_standard_parts
              (factor (factorContent 'B'))
              (resultType '              ')
              '     '
              '  '
              (resultIndicator '  ')
              (resultIndicator '  ')
              (resultIndicator '  ')
              \n
            )
          )
        )
      )
      (endif
        C
        (cs_controlLevel '  ')
        (onOffIndicatorsFlag ' ')
        (cs_indicators '  ')
        (factor '              ')
        (csENDIF
          endif
          (cspec_fixed_standard_parts
            (factor '              ')
            (resultType '              ')
            '     '
            '  '
            (resultIndicator '  ')
            (resultIndicator '  ')
            (resultIndicator '  ')
            \n
          )
        )
      )
    )
  )
  (statement (star_comments ' *'))
  (statement
    (block
      (csIFxx
        C
        (cs_controlLevel '  ')
        (onOffIndicatorsFlag ' ')
        (cs_indicators '  ')
        (factor (factorContent XX))
        (csIFEQ
          ifeq
          (cspec_fixed_standard_parts
            (factor (factorContent 'A'))
            (resultType '              ')
            '     '
            '  '
            (resultIndicator '  ')
            (resultIndicator '  ')
            (resultIndicator '  ')
            \n
          )
        )
        (csANDxx
          C
          (cs_controlLevel '  ')
          (onOffIndicatorsFlag ' ')
          (cs_indicators '  ')
          (factor (factorContent YY))
          (csANDGT
            ANDGT
            (cspec_fixed_standard_parts
              (factor (factorContent 'B'))
              (resultType '              ')
              '     '
              '  '
              (resultIndicator '  ')
              (resultIndicator '  ')
              (resultIndicator '  ')
              \n
            )
          )
        )
        (csANDxx
          C
          (cs_controlLevel '  ')
          (onOffIndicatorsFlag ' ')
          (cs_indicators '  ')
          (factor (factorContent ZZ))
          (csANDLT
            ANDLT
            (cspec_fixed_standard_parts
              (factor (factorContent 'C'))
              (resultType '              ')
              '     '
              '  '
              (resultIndicator '  ')
              (resultIndicator '  ')
              (resultIndicator '  ')
              \n
            )
          )
        )
        (csANDxx
          C
          (cs_controlLevel '  ')
          (onOffIndicatorsFlag ' ')
          (cs_indicators '  ')
          (factor (symbolicConstants *IN50))
          (csANDEQ
            andeq
            (cspec_fixed_standard_parts
              (factor (symbolicConstants *ON))
              (resultType '              ')
              '     '
              '  '
              (resultIndicator '  ')
              (resultIndicator '  ')
              (resultIndicator '  ')
              \n
            )
          )
        )
      )
      (endif
        C
        (cs_controlLevel '  ')
        (onOffIndicatorsFlag ' ')
        (cs_indicators '  ')
        (factor '              ')
        (csENDIF
          endif
          (cspec_fixed_standard_parts
            (factor '              ')
            (resultType '              ')
            '     '
            '  '
            (resultIndicator '  ')
            (resultIndicator '  ')
            (resultIndicator '  ')
            \n
          )
        )
      )
    )
  )
  (statement (star_comments ' *'))
  (statement
    (block
      (csIFxx
        C
        (cs_controlLevel '  ')
        (onOffIndicatorsFlag ' ')
        (cs_indicators '  ')
        (factor (factorContent XX))
        (csIFEQ
          ifeq
          (cspec_fixed_standard_parts
            (factor (factorContent 'A'))
            (resultType '              ')
            '     '
            '  '
            (resultIndicator '  ')
            (resultIndicator '  ')
            (resultIndicator '  ')
            \n
          )
        )
        (csANDxx
          C
          (cs_controlLevel '  ')
          (onOffIndicatorsFlag ' ')
          (cs_indicators '  ')
          (factor (factorContent YY))
          (csANDGE
            ANDGE
            (cspec_fixed_standard_parts
              (factor (factorContent 'B'))
              (resultType '              ')
              '     '
              '  '
              (resultIndicator '  ')
              (resultIndicator '  ')
              (resultIndicator '  ')
              \n
            )
          )
        )
        (csANDxx
          C
          (cs_controlLevel '  ')
          (onOffIndicatorsFlag ' ')
          (cs_indicators '  ')
          (factor (factorContent ZZ))
          (csANDLT
            ANDLT
            (cspec_fixed_standard_parts
              (factor (factorContent 'C'))
              (resultType '              ')
              '     '
              '  '
              (resultIndicator '  ')
              (resultIndicator '  ')
              (resultIndicator '  ')
              \n
            )
          )
        )
        (csANDxx
          C
          (cs_controlLevel '  ')
          (onOffIndicatorsFlag ' ')
          (cs_indicators '  ')
          (factor (symbolicConstants *IN50))
          (csANDEQ
            andEq
            (cspec_fixed_standard_parts
              (factor (symbolicConstants *ON))
              (resultType '              ')
              '     '
              '  '
              (resultIndicator '  ')
              (resultIndicator '  ')
              (resultIndicator '  ')
              \n
            )
          )
        )
      )
      (endif
        C
        (cs_controlLevel '  ')
        (onOffIndicatorsFlag ' ')
        (cs_indicators '  ')
        (factor '              ')
        (csENDIF
          endif
          (cspec_fixed_standard_parts
            (factor '              ')
            (resultType '              ')
            '     '
            '  '
            (resultIndicator '  ')
            (resultIndicator '  ')
            (resultIndicator '  ')
            \r\n
          )
        )
      )
    )
  )
  (statement
    (cspec_fixed
      C
      (cs_controlLevel '  ')
      (onOffIndicatorsFlag ' ')
      (cs_indicators '  ')
      (factor '              ')
      (cspec_fixed_standard
        (csSETON
          SETON
          (cspec_fixed_standard_parts
            (factor '              ')
            (resultType '              ')
            '     '
            '  '
            (resultIndicator LR)
            (resultIndicator '  ')
            (resultIndicator '  ')
            \r\n
          )
        )
      )
    )
  )
)
/*======*/