/*===TOKENS===*/
COMMENT_SPEC_FIXED       <C*>
COMMENTS_TEXT            <0N01Factor1+++++++Opcode(E)+Factor2+++++++Result++++++++Len++D+HiLoEq....                   >
CS_FIXED                 <C>
BlankIndicator           <  >
BlankFlag                < >
BlankIndicator           <  >
SPLAT_ENTRY              <*Entry>
OP_PLIST                 <PList>
CS_BlankFactor           <              >
CS_BlankFactor           <              >
CS_FieldLength           <     >
CS_DecimalPositions      <  >
BlankIndicator           <  >
BlankIndicator           <  >
BlankIndicator           <  >
EOL                      <
>
COMMENT_SPEC_FIXED       < *>
COMMENTS_TEXT            <                                                                                            >
CS_FIXED                 <C>
BlankIndicator           <  >
BlankFlag                < >
BlankIndicator           <  >
SPLAT_INDICATOR          <*in01>
OP_DOWEQ                 <DOWEQ>
SPLAT_OFF                <*OFF>
CS_BlankFactor           <              >
CS_FieldLength           <     >
CS_DecimalPositions      <  >
BlankIndicator           <  >
BlankIndicator           <  >
BlankIndicator           <  >
EOL                      <
>
CS_FIXED                 <C>
BlankIndicator           <  >
BlankFlag                < >
BlankIndicator           <  >
CS_BlankFactor           <              >
OP_ENDDO                 <ENDDO>
CS_BlankFactor           <              >
CS_BlankFactor           <              >
CS_FieldLength           <     >
CS_DecimalPositions      <  >
BlankIndicator           <  >
BlankIndicator           <  >
BlankIndicator           <  >
EOL                      <
>
CS_FIXED                 <C>
BlankIndicator           <  >
BlankFlag                < >
BlankIndicator           <  >
CS_FactorContent         <fld01>
OP_DOWEQ                 <doweq>
CS_FactorContent         <fld02>
CS_BlankFactor           <              >
CS_FieldLength           <     >
CS_DecimalPositions      <  >
BlankIndicator           <  >
BlankIndicator           <  >
BlankIndicator           <  >
EOL                      <
>
CS_FIXED                 <C>
BlankIndicator           <  >
BlankFlag                < >
BlankIndicator           <  >
CS_BlankFactor           <              >
OP_ENDDO                 <enddo>
CS_BlankFactor           <              >
CS_BlankFactor           <              >
CS_FieldLength           <     >
CS_DecimalPositions      <  >
BlankIndicator           <  >
BlankIndicator           <  >
BlankIndicator           <  >
EOL                      <
>
CS_FIXED                 <C>
BlankIndicator           <  >
BlankFlag                < >
BlankIndicator           <  >
SPLAT_INDICATOR          <*in01>
CS_OperationAndExtender  <DOWGT>
SPLAT_OFF                <*OFF>
CS_BlankFactor           <              >
CS_FieldLength           <     >
CS_DecimalPositions      <  >
BlankIndicator           <  >
BlankIndicator           <  >
BlankIndicator           <  >
EOL                      <
>
CS_FIXED                 <C>
BlankIndicator           <  >
BlankFlag                < >
BlankIndicator           <  >
CS_BlankFactor           <              >
OP_ENDDO                 <ENDDO>
CS_BlankFactor           <              >
CS_BlankFactor           <              >
CS_FieldLength           <     >
CS_DecimalPositions      <  >
BlankIndicator           <  >
BlankIndicator           <  >
BlankIndicator           <  >
EOL                      <
>
CS_FIXED                 <C>
BlankIndicator           <  >
BlankFlag                < >
BlankIndicator           <  >
CS_FactorContent         <fld01>
CS_OperationAndExtender  <dowgt>
CS_FactorContent         <fld02>
CS_BlankFactor           <              >
CS_FieldLength           <     >
CS_DecimalPositions      <  >
BlankIndicator           <  >
BlankIndicator           <  >
BlankIndicator           <  >
EOL                      <
>
CS_FIXED                 <C>
BlankIndicator           <  >
BlankFlag                < >
BlankIndicator           <  >
CS_BlankFactor           <              >
OP_ENDDO                 <enddo>
CS_BlankFactor           <              >
CS_BlankFactor           <              >
CS_FieldLength           <     >
CS_DecimalPositions      <  >
BlankIndicator           <  >
BlankIndicator           <  >
BlankIndicator           <  >
EOL                      <
>
CS_FIXED                 <C>
BlankIndicator           <  >
BlankFlag                < >
BlankIndicator           <  >
SPLAT_INDICATOR          <*in01>
OP_DOWGE                 <DOWGE>
SPLAT_OFF                <*OFF>
CS_BlankFactor           <              >
CS_FieldLength           <     >
CS_DecimalPositions      <  >
BlankIndicator           <  >
BlankIndicator           <  >
BlankIndicator           <  >
EOL                      <
>
CS_FIXED                 <C>
BlankIndicator           <  >
BlankFlag                < >
BlankIndicator           <  >
CS_BlankFactor           <              >
OP_ENDDO                 <ENDDO>
CS_BlankFactor           <              >
CS_BlankFactor           <              >
CS_FieldLength           <     >
CS_DecimalPositions      <  >
BlankIndicator           <  >
BlankIndicator           <  >
BlankIndicator           <  >
EOL                      <
>
CS_FIXED                 <C>
BlankIndicator           <  >
BlankFlag                < >
BlankIndicator           <  >
CS_FactorContent         <fld01>
OP_DOWGE                 <dowge>
CS_FactorContent         <fld02>
CS_BlankFactor           <              >
CS_FieldLength           <     >
CS_DecimalPositions      <  >
BlankIndicator           <  >
BlankIndicator           <  >
BlankIndicator           <  >
EOL                      <
>
CS_FIXED                 <C>
BlankIndicator           <  >
BlankFlag                < >
BlankIndicator           <  >
CS_BlankFactor           <              >
OP_ENDDO                 <enddo>
CS_BlankFactor           <              >
CS_BlankFactor           <              >
CS_FieldLength           <     >
CS_DecimalPositions      <  >
BlankIndicator           <  >
BlankIndicator           <  >
BlankIndicator           <  >
EOL                      <
>
CS_FIXED                 <C>
BlankIndicator           <  >
BlankFlag                < >
BlankIndicator           <  >
SPLAT_INDICATOR          <*in01>
OP_DOWLT                 <DOWLT>
SPLAT_OFF                <*OFF>
CS_BlankFactor           <              >
CS_FieldLength           <     >
CS_DecimalPositions      <  >
BlankIndicator           <  >
BlankIndicator           <  >
BlankIndicator           <  >
EOL                      <
>
CS_FIXED                 <C>
BlankIndicator           <  >
BlankFlag                < >
BlankIndicator           <  >
CS_BlankFactor           <              >
OP_ENDDO                 <ENDDO>
CS_BlankFactor           <              >
CS_BlankFactor           <              >
CS_FieldLength           <     >
CS_DecimalPositions      <  >
BlankIndicator           <  >
BlankIndicator           <  >
BlankIndicator           <  >
EOL                      <
>
CS_FIXED                 <C>
BlankIndicator           <  >
BlankFlag                < >
BlankIndicator           <  >
CS_FactorContent         <fld01>
OP_DOWLT                 <dowlt>
CS_FactorContent         <fld02>
CS_BlankFactor           <              >
CS_FieldLength           <     >
CS_DecimalPositions      <  >
BlankIndicator           <  >
BlankIndicator           <  >
BlankIndicator           <  >
EOL                      <
>
CS_FIXED                 <C>
BlankIndicator           <  >
BlankFlag                < >
BlankIndicator           <  >
CS_BlankFactor           <              >
OP_ENDDO                 <enddo>
CS_BlankFactor           <              >
CS_BlankFactor           <              >
CS_FieldLength           <     >
CS_DecimalPositions      <  >
BlankIndicator           <  >
BlankIndicator           <  >
BlankIndicator           <  >
EOL                      <
>
CS_FIXED                 <C>
BlankIndicator           <  >
BlankFlag                < >
BlankIndicator           <  >
SPLAT_INDICATOR          <*in01>
OP_DOWLE                 <DOWLE>
SPLAT_OFF                <*OFF>
CS_BlankFactor           <              >
CS_FieldLength           <     >
CS_DecimalPositions      <  >
BlankIndicator           <  >
BlankIndicator           <  >
BlankIndicator           <  >
EOL                      <
>
CS_FIXED                 <C>
BlankIndicator           <  >
BlankFlag                < >
BlankIndicator           <  >
CS_BlankFactor           <              >
OP_ENDDO                 <ENDDO>
CS_BlankFactor           <              >
CS_BlankFactor           <              >
CS_FieldLength           <     >
CS_DecimalPositions      <  >
BlankIndicator           <  >
BlankIndicator           <  >
BlankIndicator           <  >
EOL                      <
>
CS_FIXED                 <C>
BlankIndicator           <  >
BlankFlag                < >
BlankIndicator           <  >
CS_FactorContent         <fld01>
OP_DOWLE                 <dowle>
CS_FactorContent         <fld02>
CS_BlankFactor           <              >
CS_FieldLength           <     >
CS_DecimalPositions      <  >
BlankIndicator           <  >
BlankIndicator           <  >
BlankIndicator           <  >
EOL                      <
>
CS_FIXED                 <C>
BlankIndicator           <  >
BlankFlag                < >
BlankIndicator           <  >
CS_BlankFactor           <              >
OP_ENDDO                 <enddo>
CS_BlankFactor           <              >
CS_BlankFactor           <              >
CS_FieldLength           <     >
CS_DecimalPositions      <  >
BlankIndicator           <  >
BlankIndicator           <  >
BlankIndicator           <  >
EOL                      <
>
COMMENT_SPEC_FIXED       < *>
COMMENTS_TEXT            <                                                                                            >
CS_FIXED                 <C>
BlankIndicator           <  >
BlankFlag                < >
BlankIndicator           <  >
CS_BlankFactor           <              >
OP_SETON                 <SETON>
CS_BlankFactor           <              >
CS_BlankFactor           <              >
CS_FieldLength           <     >
CS_DecimalPositions      <  >
LastRecordIndicator      <LR>
BlankIndicator           <  >
BlankIndicator           <  >
EOL                      <
>
/*===TREE===*/
(r
  (statement (star_comments C*))
  (statement
    (cspec_fixed
      C
      (cs_controlLevel '  ')
      (onOffIndicatorsFlag ' ')
      (cs_indicators '  ')
      (factor (symbolicConstants *Entry))
      (cspec_fixed_standard
        (csPLIST
          PList
          (cspec_fixed_standard_parts
            (factor '              ')
            (resultType '              ')
            '     '
            '  '
            (resultIndicator '  ')
            (resultIndicator '  ')
            (resultIndicator '  ')
            \r\n
          )
        )
      )
    )
  )
  (statement (star_comments ' *'))
  (statement
    (block
      (csDOWxx
        C
        (cs_controlLevel '  ')
        (onOffIndicatorsFlag ' ')
        (cs_indicators '  ')
        (factor (symbolicConstants *in01))
        (csDOWEQ
          DOWEQ
          (cspec_fixed_standard_parts
            (factor (symbolicConstants *OFF))
            (resultType '              ')
            '     '
            '  '
            (resultIndicator '  ')
            (resultIndicator '  ')
            (resultIndicator '  ')
            \n
          )
        )
      )
      (statement
        (cspec_fixed
          C
          (cs_controlLevel '  ')
          (onOffIndicatorsFlag ' ')
          (cs_indicators '  ')
          (factor '              ')
          (cspec_fixed_standard
            (csENDDO
              ENDDO
              (cspec_fixed_standard_parts
                (factor '              ')
                (resultType '              ')
                '     '
                '  '
                (resultIndicator '  ')
                (resultIndicator '  ')
                (resultIndicator '  ')
                \n
              )
            )
          )
        )
      )
      (statement
        (block
          (csDOWxx
            C
            (cs_controlLevel '  ')
            (onOffIndicatorsFlag ' ')
            (cs_indicators '  ')
            (factor (factorContent fld01))
            (csDOWEQ
              doweq
              (cspec_fixed_standard_parts
                (factor (factorContent fld02))
                (resultType '              ')
                '     '
                '  '
                (resultIndicator '  ')
                (resultIndicator '  ')
                (resultIndicator '  ')
                \n
              )
            )
          )
          (statement
            (cspec_fixed
              C
              (cs_controlLevel '  ')
              (onOffIndicatorsFlag ' ')
              (cs_indicators '  ')
              (factor '              ')
              (cspec_fixed_standard
                (csENDDO
                  enddo
                  (cspec_fixed_standard_parts
                    (factor '              ')
                    (resultType '              ')
                    '     '
                    '  '
                    (resultIndicator '  ')
                    (resultIndicator '  ')
                    (resultIndicator '  ')
                    \n
                  )
                )
              )
            )
          )
          (statement
            (cspec_fixed
              C
              (cs_controlLevel '  ')
              (onOffIndicatorsFlag ' ')
              (cs_indicators '  ')
              (factor (symbolicConstants *in01))
              (cspec_fixed_standard
                DOWGT
                (cspec_fixed_standard_parts
                  (factor (symbolicConstants *OFF))
                  (resultType '              ')
                  '     '
                  '  '
                  (resultIndicator '  ')
                  (resultIndicator '  ')
                  (resultIndicator '  ')
                  \n
                )
              )
            )
          )
          (statement
            (cspec_fixed
              C
              (cs_controlLevel '  ')
              (onOffIndicatorsFlag ' ')
              (cs_indicators '  ')
              (factor '              ')
              (cspec_fixed_standard
                (csENDDO
                  ENDDO
                  (cspec_fixed_standard_parts
                    (factor '              ')
                    (resultType '              ')
                    '     '
                    '  '
                    (resultIndicator '  ')
                    (resultIndicator '  ')
                    (resultIndicator '  ')
                    \n
                  )
                )
              )
            )
          )
          (statement
            (cspec_fixed
              C
              (cs_controlLevel '  ')
              (onOffIndicatorsFlag ' ')
              (cs_indicators '  ')
              (factor (factorContent fld01))
              (cspec_fixed_standard
                dowgt
                (cspec_fixed_standard_parts
                  (factor (factorContent fld02))
                  (resultType '              ')
                  '     '
                  '  '
                  (resultIndicator '  ')
                  (resultIndicator '  ')
                  (resultIndicator '  ')
                  \n
                )
              )
            )
          )
          (statement
            (cspec_fixed
              C
              (cs_controlLevel '  ')
              (onOffIndicatorsFlag ' ')
              (cs_indicators '  ')
              (factor '              ')
              (cspec_fixed_standard
                (csENDDO
                  enddo
                  (cspec_fixed_standard_parts
                    (factor '              ')
                    (resultType '              ')
                    '     '
                    '  '
                    (resultIndicator '  ')
                    (resultIndicator '  ')
                    (resultIndicator '  ')
                    \n
                  )
                )
              )
            )
          )
          (statement
            (block
              (csDOWxx
                C
                (cs_controlLevel '  ')
                (onOffIndicatorsFlag ' ')
                (cs_indicators '  ')
                (factor (symbolicConstants *in01))
                (csDOWGE
                  DOWGE
                  (cspec_fixed_standard_parts
                    (factor (symbolicConstants *OFF))
                    (resultType '              ')
                    '     '
                    '  '
                    (resultIndicator '  ')
                    (resultIndicator '  ')
                    (resultIndicator '  ')
                    \n
                  )
                )
              )
              (statement
                (cspec_fixed
                  C
                  (cs_controlLevel '  ')
                  (onOffIndicatorsFlag ' ')
                  (cs_indicators '  ')
                  (factor '              ')
                  (cspec_fixed_standard
                    (csENDDO
                      ENDDO
                      (cspec_fixed_standard_parts
                        (factor '              ')
                        (resultType '              ')
                        '     '
                        '  '
                        (resultIndicator '  ')
                        (resultIndicator '  ')
                        (resultIndicator '  ')
                        \n
                      )
                    )
                  )
                )
              )
              (statement
                (block
                  (csDOWxx
                    C
                    (cs_controlLevel '  ')
                    (onOffIndicatorsFlag ' ')
                    (cs_indicators '  ')
                    (factor (factorContent fld01))
                    (csDOWGE
                      dowge
                      (cspec_fixed_standard_parts
                        (factor (factorContent fld02))
                        (resultType '              ')
                        '     '
                        '  '
                        (resultIndicator '  ')
                        (resultIndicator '  ')
                        (resultIndicator '  ')
                        \n
                      )
                    )
                  )
                  (statement
                    (cspec_fixed
                      C
                      (cs_controlLevel '  ')
                      (onOffIndicatorsFlag ' ')
                      (cs_indicators '  ')
                      (factor '              ')
                      (cspec_fixed_standard
                        (csENDDO
                          enddo
                          (cspec_fixed_standard_parts
                            (factor '              ')
                            (resultType '              ')
                            '     '
                            '  '
                            (resultIndicator '  ')
                            (resultIndicator '  ')
                            (resultIndicator '  ')
                            \n
                          )
                        )
                      )
                    )
                  )
                  (statement
                    (cspec_fixed
                      C
                      (cs_controlLevel '  ')
                      (onOffIndicatorsFlag ' ')
                      (cs_indicators '  ')
                      (factor (symbolicConstants *in01))
                      (cspec_fixed_standard
                        (csDOWLT
                          DOWLT
                          (cspec_fixed_standard_parts
                            (factor (symbolicConstants *OFF))
                            (resultType '              ')
                            '     '
                            '  '
                            (resultIndicator '  ')
                            (resultIndicator '  ')
                            (resultIndicator '  ')
                            \n
                          )
                        )
                      )
                    )
                  )
                  (enddo
                    C
                    (cs_controlLevel '  ')
                    (onOffIndicatorsFlag ' ')
                    (cs_indicators '  ')
                    (factor '              ')
                    (csENDDO
                      ENDDO
                      (cspec_fixed_standard_parts
                        (factor '              ')
                        (resultType '              ')
                        '     '
                        '  '
                        (resultIndicator '  ')
                        (resultIndicator '  ')
                        (resultIndicator '  ')
                        \n
                      )
                    )
                  )
                )
              )
              (statement
                (cspec_fixed
                  C
                  (cs_controlLevel '  ')
                  (onOffIndicatorsFlag ' ')
                  (cs_indicators '  ')
                  (factor (factorContent fld01))
                  (cspec_fixed_standard
                    (csDOWLT
                      dowlt
                      (cspec_fixed_standard_parts
                        (factor (factorContent fld02))
                        (resultType '              ')
                        '     '
                        '  '
                        (resultIndicator '  ')
                        (resultIndicator '  ')
                        (resultIndicator '  ')
                        \n
                      )
                    )
                  )
                )
              )
              (enddo
                C
                (cs_controlLevel '  ')
                (onOffIndicatorsFlag ' ')
                (cs_indicators '  ')
                (factor '              ')
                (csENDDO
                  enddo
                  (cspec_fixed_standard_parts
                    (factor '              ')
                    (resultType '              ')
                    '     '
                    '  '
                    (resultIndicator '  ')
                    (resultIndicator '  ')
                    (resultIndicator '  ')
                    \n
                  )
                )
              )
            )
          )
          (statement
            (cspec_fixed
              C
              (cs_controlLevel '  ')
              (onOffIndicatorsFlag ' ')
              (cs_indicators '  ')
              (factor (symbolicConstants *in01))
              (cspec_fixed_standard
                (csDOWLE
                  DOWLE
                  (cspec_fixed_standard_parts
                    (factor (symbolicConstants *OFF))
                    (resultType '              ')
                    '     '
                    '  '
                    (resultIndicator '  ')
                    (resultIndicator '  ')
                    (resultIndicator '  ')
                    \n
                  )
                )
              )
            )
          )
          (enddo
            C
            (cs_controlLevel '  ')
            (onOffIndicatorsFlag ' ')
            (cs_indicators '  ')
            (factor '              ')
            (csENDDO
              ENDDO
              (cspec_fixed_standard_parts
                (factor '              ')
                (resultType '              ')
                '     '
                '  '
                (resultIndicator '  ')
                (resultIndicator '  ')
                (resultIndicator '  ')
                \n
              )
            )
          )
        )
      )
      (statement
        (cspec_fixed
          C
          (cs_controlLevel '  ')
          (onOffIndicatorsFlag ' ')
          (cs_indicators '  ')
          (factor (factorContent fld01))
          (cspec_fixed_standard
            (csDOWLE
              dowle
              (cspec_fixed_standard_parts
                (factor (factorContent fld02))
                (resultType '              ')
                '     '
                '  '
                (resultIndicator '  ')
                (resultIndicator '  ')
                (resultIndicator '  ')
                \n
              )
            )
          )
        )
      )
      (enddo
        C
        (cs_controlLevel '  ')
        (onOffIndicatorsFlag ' ')
        (cs_indicators '  ')
        (factor '              ')
        (csENDDO
          enddo
          (cspec_fixed_standard_parts
            (factor '              ')
            (resultType '              ')
            '     '
            '  '
            (resultIndicator '  ')
            (resultIndicator '  ')
            (resultIndicator '  ')
            \n
          )
        )
      )
    )
  )
  (statement (star_comments ' *'))
  (statement
    (cspec_fixed
      C
      (cs_controlLevel '  ')
      (onOffIndicatorsFlag ' ')
      (cs_indicators '  ')
      (factor '              ')
      (cspec_fixed_standard
        (csSETON
          SETON
          (cspec_fixed_standard_parts
            (factor '              ')
            (resultType '              ')
            '     '
            '  '
            (resultIndicator LR)
            (resultIndicator '  ')
            (resultIndicator '  ')
            \r\n
          )
        )
      )
    )
  )
)
/*======*/