/*===TOKENS===*/
COMMENT_SPEC_FIXED       <C*>
COMMENTS_TEXT            <0N01Factor1+++++++Opcode(E)+Factor2+++++++Result++++++++Len++D+HiLoEq....                   >
CS_FIXED                 <C>
BlankIndicator           <  >
BlankFlag                < >
BlankIndicator           <  >
SPLAT_ENTRY              <*Entry>
OP_PLIST                 <PList>
CS_BlankFactor           <              >
CS_BlankFactor           <              >
CS_FieldLength           <     >
CS_DecimalPositions      <  >
BlankIndicator           <  >
BlankIndicator           <  >
BlankIndicator           <  >
EOL                      <
>
COMMENT_SPEC_FIXED       < *>
COMMENTS_TEXT            <                                                                                            >
CS_FIXED                 <C>
BlankIndicator           <  >
BlankFlag                < >
BlankIndicator           <  >
CS_FactorContent         <FILEKEY>
OP_KLIST                 <KLIST>
CS_BlankFactor           <              >
CS_BlankFactor           <              >
CS_FieldLength           <     >
CS_DecimalPositions      <  >
BlankIndicator           <  >
BlankIndicator           <  >
BlankIndicator           <  >
EOL                      <
>
CS_FIXED                 <C>
BlankIndicator           <  >
BlankFlag                < >
BlankIndicator           <  >
CS_BlankFactor           <              >
OP_KFLD                  <KFLD>
CS_BlankFactor           <              >
CS_FactorContent         <KEY1>
CS_FieldLength           <     >
CS_DecimalPositions      <  >
BlankIndicator           <  >
BlankIndicator           <  >
BlankIndicator           <  >
EOL                      <
>
CS_FIXED                 <C>
BlankIndicator           <  >
BlankFlag                < >
BlankIndicator           <  >
CS_FactorContent         <FILEKEY>
OP_KLIST                 <KLIST>
CS_BlankFactor           <              >
CS_BlankFactor           <              >
CS_FieldLength           <     >
CS_DecimalPositions      <  >
BlankIndicator           <  >
BlankIndicator           <  >
BlankIndicator           <  >
EOL                      <
>
CS_FIXED                 <C>
BlankIndicator           <  >
BlankFlag                < >
BlankIndicator           <  >
CS_BlankFactor           <              >
OP_KFLD                  <KFLD>
CS_FactorContent         <INDICATOR>
CS_FactorContent         <KEY1>
CS_FieldLength           <     >
CS_DecimalPositions      <  >
BlankIndicator           <  >
BlankIndicator           <  >
BlankIndicator           <  >
EOL                      <
>
CS_FIXED                 <C>
BlankIndicator           <  >
BlankFlag                < >
BlankIndicator           <  >
CS_FactorContent         <FILEKEY>
OP_KLIST                 <klist>
CS_BlankFactor           <              >
CS_BlankFactor           <              >
CS_FieldLength           <     >
CS_DecimalPositions      <  >
BlankIndicator           <  >
BlankIndicator           <  >
BlankIndicator           <  >
EOL                      <
>
CS_FIXED                 <C>
BlankIndicator           <  >
BlankFlag                < >
BlankIndicator           <  >
CS_BlankFactor           <              >
OP_KFLD                  <kfld>
CS_BlankFactor           <              >
CS_FactorContent         <KEY1>
CS_FieldLength           <     >
CS_DecimalPositions      <  >
BlankIndicator           <  >
BlankIndicator           <  >
BlankIndicator           <  >
EOL                      <
>
CS_FIXED                 <C>
BlankIndicator           <  >
BlankFlag                < >
BlankIndicator           <  >
CS_FactorContent         <FILEKEY>
OP_KLIST                 <klist>
CS_BlankFactor           <              >
CS_BlankFactor           <              >
CS_FieldLength           <     >
CS_DecimalPositions      <  >
BlankIndicator           <  >
BlankIndicator           <  >
BlankIndicator           <  >
EOL                      <
>
CS_FIXED                 <C>
BlankIndicator           <  >
BlankFlag                < >
BlankIndicator           <  >
CS_BlankFactor           <              >
OP_KFLD                  <kfld>
CS_FactorContent         <INDICATOR>
CS_FactorContent         <KEY1>
CS_FieldLength           <     >
CS_DecimalPositions      <  >
BlankIndicator           <  >
BlankIndicator           <  >
BlankIndicator           <  >
EOL                      <
>
COMMENT_SPEC_FIXED       < *>
COMMENTS_TEXT            <                                                                                            >
CS_FIXED                 <C>
BlankIndicator           <  >
BlankFlag                < >
BlankIndicator           <  >
CS_BlankFactor           <              >
OP_SETON                 <SETON>
CS_BlankFactor           <              >
CS_BlankFactor           <              >
CS_FieldLength           <     >
CS_DecimalPositions      <  >
LastRecordIndicator      <LR>
BlankIndicator           <  >
BlankIndicator           <  >
EOL                      <
>
/*===TREE===*/
(r
  (statement (star_comments C*))
  (statement
    (cspec_fixed
      C
      (cs_controlLevel '  ')
      (onOffIndicatorsFlag ' ')
      (cs_indicators '  ')
      (factor (symbolicConstants *Entry))
      (cspec_fixed_standard
        (csPLIST
          PList
          (cspec_fixed_standard_parts
            (factor '              ')
            (resultType '              ')
            '     '
            '  '
            (resultIndicator '  ')
            (resultIndicator '  ')
            (resultIndicator '  ')
            \r\n
          )
        )
      )
    )
  )
  (statement (star_comments ' *'))
  (statement
    (cspec_fixed
      C
      (cs_controlLevel '  ')
      (onOffIndicatorsFlag ' ')
      (cs_indicators '  ')
      (factor (factorContent FILEKEY))
      (cspec_fixed_standard
        (csKLIST
          KLIST
          (cspec_fixed_standard_parts
            (factor '              ')
            (resultType '              ')
            '     '
            '  '
            (resultIndicator '  ')
            (resultIndicator '  ')
            (resultIndicator '  ')
            \n
          )
          (csKFLD
            C
            '  '
            ' '
            '  '
            '              '
            KFLD
            (cspec_fixed_standard_parts
              (factor '              ')
              (resultType KEY1)
              '     '
              '  '
              (resultIndicator '  ')
              (resultIndicator '  ')
              (resultIndicator '  ')
              \n
            )
          )
        )
      )
    )
  )
  (statement
    (cspec_fixed
      C
      (cs_controlLevel '  ')
      (onOffIndicatorsFlag ' ')
      (cs_indicators '  ')
      (factor (factorContent FILEKEY))
      (cspec_fixed_standard
        (csKLIST
          KLIST
          (cspec_fixed_standard_parts
            (factor '              ')
            (resultType '              ')
            '     '
            '  '
            (resultIndicator '  ')
            (resultIndicator '  ')
            (resultIndicator '  ')
            \n
          )
          (csKFLD
            C
            '  '
            ' '
            '  '
            '              '
            KFLD
            (cspec_fixed_standard_parts
              (factor (factorContent INDICATOR))
              (resultType KEY1)
              '     '
              '  '
              (resultIndicator '  ')
              (resultIndicator '  ')
              (resultIndicator '  ')
              \n
            )
          )
        )
      )
    )
  )
  (statement
    (cspec_fixed
      C
      (cs_controlLevel '  ')
      (onOffIndicatorsFlag ' ')
      (cs_indicators '  ')
      (factor (factorContent FILEKEY))
      (cspec_fixed_standard
        (csKLIST
          klist
          (cspec_fixed_standard_parts
            (factor '              ')
            (resultType '              ')
            '     '
            '  '
            (resultIndicator '  ')
            (resultIndicator '  ')
            (resultIndicator '  ')
            \n
          )
          (csKFLD
            C
            '  '
            ' '
            '  '
            '              '
            kfld
            (cspec_fixed_standard_parts
              (factor '              ')
              (resultType KEY1)
              '     '
              '  '
              (resultIndicator '  ')
              (resultIndicator '  ')
              (resultIndicator '  ')
              \n
            )
          )
        )
      )
    )
  )
  (statement
    (cspec_fixed
      C
      (cs_controlLevel '  ')
      (onOffIndicatorsFlag ' ')
      (cs_indicators '  ')
      (factor (factorContent FILEKEY))
      (cspec_fixed_standard
        (csKLIST
          klist
          (cspec_fixed_standard_parts
            (factor '              ')
            (resultType '              ')
            '     '
            '  '
            (resultIndicator '  ')
            (resultIndicator '  ')
            (resultIndicator '  ')
            \n
          )
          (csKFLD
            C
            '  '
            ' '
            '  '
            '              '
            kfld
            (cspec_fixed_standard_parts
              (factor (factorContent INDICATOR))
              (resultType KEY1)
              '     '
              '  '
              (resultIndicator '  ')
              (resultIndicator '  ')
              (resultIndicator '  ')
              \n
            )
          )
        )
      )
    )
  )
  (statement (star_comments ' *'))
  (statement
    (cspec_fixed
      C
      (cs_controlLevel '  ')
      (onOffIndicatorsFlag ' ')
      (cs_indicators '  ')
      (factor '              ')
      (cspec_fixed_standard
        (csSETON
          SETON
          (cspec_fixed_standard_parts
            (factor '              ')
            (resultType '              ')
            '     '
            '  '
            (resultIndicator LR)
            (resultIndicator '  ')
            (resultIndicator '  ')
            \r\n
          )
        )
      )
    )
  )
)
/*======*/