/*===TOKENS===*/
DS_ProcedureInterfaceStart<DCL-PI>
ID                       <DDR014>
FREE_SEMI                <;>
HIDDEN:DIRECTIVE         <   />
HIDDEN:DIR_COPY          <COPY>
HIDDEN:DIR_OtherText     <parms>
DS_ProcedureInterfaceEnd <END-PI>
FREE_SEMI                <;>
/*===TREE===*/
(r
  (dcl_pi
    DCL-PI
    (identifier (free_identifier (idOrKeyword DDR014)))
    ;
    (end_dcl_pi END-PI)
    ;
  )
)
/*======*/