/*===TOKENS===*/
CS_FIXED                 <c>
BlankIndicator           <  >
BlankFlag                < >
BlankIndicator           <  >
CS_BlankFactor           <              >
OP_IF                    <if>
ID                       <retst>
'='                      <=>
NUMBER                   <4>
OR                       <or>
ID                       <retst>
'='                      <=>
NUMBER                   <2>
C_FREE_NEWLINE           <
>
CS_FIXED                 <c>
BlankIndicator           <  >
BlankFlag                < >
BlankIndicator           <  >
CS_BlankFactor           <              >
OP_EVAL                  <eval>
ID                       <retst>
'='                      <=>
NUMBER                   <1>
C_FREE_NEWLINE           <
>
CS_FIXED                 <c>
BlankIndicator           <  >
BlankFlag                < >
BlankIndicator           <  >
CS_BlankFactor           <              >
OP_ENDIF                 <endif>
CS_BlankFactor           <              >
CS_BlankFactor           <              >
CS_FieldLength           <     >
CS_DecimalPositions      <  >
BlankIndicator           <  >
BlankIndicator           <  >
BlankIndicator           <  >
/*===TREE===*/
(r
  (statement
    (cspec_fixed
      c
      (cs_controlLevel '  ')
      (onOffIndicatorsFlag ' ')
      (cs_indicators '  ')
      (factor '              ')
      (cspec_fixed_x2
        (csOperationAndExtendedFactor2 if)
        (c_free
          (baseExpression
            (op
              (op_eval
                (assignmentExpression
                  (expression
                    (expression
                      (expression (identifier (free_identifier retst)))
                      =
                      (expression (number 4))
                    )
                    or
                    (expression (identifier (free_identifier retst)))
                  )
                  =
                  (expression (number 2))
                )
              )
            )
          )
        )
        \r\n
      )
    )
  )
  (statement
    (cspec_fixed
      c
      (cs_controlLevel '  ')
      (onOffIndicatorsFlag ' ')
      (cs_indicators '  ')
      (factor '              ')
      (cspec_fixed_x2
        (csOperationAndExtendedFactor2 eval)
        (c_free
          (baseExpression
            (op
              (op_eval
                (assignmentExpression
                  (expression (identifier (free_identifier retst)))
                  =
                  (expression (number 1))
                )
              )
            )
          )
        )
        \r\n
      )
    )
  )
  (statement
    (cspec_fixed
      c
      (cs_controlLevel '  ')
      (onOffIndicatorsFlag ' ')
      (cs_indicators '  ')
      (factor '              ')
      (cspec_fixed_standard
        (csENDIF
          endif
          (cspec_fixed_standard_parts
            (factor '              ')
            (resultType '              ')
            '     '
            '  '
            (resultIndicator '  ')
            (resultIndicator '  ')
            (resultIndicator '  ')
            <EOF>
          )
        )
      )
    )
  )
)
/*======*/