/*===TOKENS===*/
DS_Standalone            <DCL-S>
ID                       <X>
ID                       <Int>
'('                      <(>
NUMBER                   <10>
')'                      <)>
FREE_SEMI                <;>
OP_BEGSR                 <BEGSR>
ID                       <SomeSubRoutine>
FREE_SEMI                <;>
ID                       <X>
'='                      <=>
NUMBER                   <1234>
FREE_SEMI                <;>
OP_ENDSR                 <ENDSR>
FREE_SEMI                <;>
/*===TREE===*/
(r
  (dspec
    DCL-S
    (identifier (free_identifier X))
    (function
      (functionName (free_identifier Int))
      (args ( (expression (number 10)) ))
    )
    ;
  )
  (free
    (baseExpression
      (op (op_begsr BEGSR (identifier (free_identifier SomeSubRoutine))))
    )
    ;
  )
  (free
    (baseExpression
      (op
        (op_eval
          (assignmentExpression
            (expression (identifier (free_identifier X)))
            =
            (expression (number 1234))
          )
        )
      )
    )
    ;
  )
  (free (baseExpression (op (op_endsr ENDSR))) ;)
)
/*======*/