/*===TOKENS===*/
DS_Standalone            <DCL-S>
ID                       <X>
ID                       <Int>
'('                      <(>
NUMBER                   <10>
')'                      <)>
FREE_SEMI                <;>
OP_EXSR                  <EXSR>
ID                       <SUBRT1>
FREE_SEMI                <;>
CS_FIXED                 <C>
BlankIndicator           <  >
BlankFlag                < >
BlankIndicator           <  >
CS_BlankFactor           <              >
OP_BEGSR                 <BEGSR>
CS_FactorContent         <SUBRT1>
CS_BlankFactor           <              >
CS_FieldLength           <     >
CS_DecimalPositions      <  >
BlankIndicator           <  >
BlankIndicator           <  >
BlankIndicator           <  >
EOL                      <
>
ID                       <X>
'='                      <=>
NUMBER                   <1234>
FREE_SEMI                <;>
CS_FIXED                 <C>
BlankIndicator           <  >
BlankFlag                < >
BlankIndicator           <  >
CS_BlankFactor           <              >
OP_ENDSR                 <ENDSR>
CS_FactorContent         <SUBRT1>
CS_BlankFactor           <              >
CS_FieldLength           <     >
CS_DecimalPositions      <  >
BlankIndicator           <  >
BlankIndicator           <  >
BlankIndicator           <  >
EOL                      <
>
/*===TREE===*/
(r
  (dspec
    DCL-S
    (identifier (free_identifier X))
    (function
      (functionName (free_identifier Int))
      (args ( (expression (number 10)) ))
    )
    ;
  )
  (free
    (baseExpression (op (op_exsr EXSR (identifier (free_identifier SUBRT1)))))
    ;
  )
  (cspec_fixed
    C
    (cs_controlLevel '  ')
    (onOffIndicatorsFlag ' ')
    (cs_indicators '  ')
    (factor '              ')
    (cspec_fixed_standard
      (csBEGSR
        BEGSR
        (cspec_fixed_standard_parts
          (factor (factorContent SUBRT1))
          (resultType '              ')
          '     '
          '  '
          (resultIndicator '  ')
          (resultIndicator '  ')
          (resultIndicator '  ')
          \r\n
        )
      )
    )
  )
  (free
    (baseExpression
      (op
        (op_eval
          (assignmentExpression
            (expression (identifier (free_identifier X)))
            =
            (expression (number 1234))
          )
        )
      )
    )
    ;
  )
  (cspec_fixed
    C
    (cs_controlLevel '  ')
    (onOffIndicatorsFlag ' ')
    (cs_indicators '  ')
    (factor '              ')
    (cspec_fixed_standard
      (csENDSR
        ENDSR
        (cspec_fixed_standard_parts
          (factor (factorContent SUBRT1))
          (resultType '              ')
          '     '
          '  '
          (resultIndicator '  ')
          (resultIndicator '  ')
          (resultIndicator '  ')
          \r\n
        )
      )
    )
  )
)
/*======*/