/*===TOKENS===*/
CS_FIXED                 <C>
BlankIndicator           <  >
BlankFlag                < >
BlankIndicator           <  >
CS_BlankFactor           <              >
OP_BEGSR                 <BEGSR>
CS_FactorContent         <SUBRT1>
CS_BlankFactor           <              >
CS_FieldLength           <     >
CS_DecimalPositions      <  >
BlankIndicator           <  >
BlankIndicator           <  >
BlankIndicator           <  >
EOL                      <
>
CS_FIXED                 <C>
BlankIndicator           <  >
BlankFlag                < >
BlankIndicator           <  >
CS_BlankFactor           <              >
OP_ENDSR                 <ENDSR>
CS_FactorContent         <SUBRT1>
CS_BlankFactor           <              >
CS_FieldLength           <     >
CS_DecimalPositions      <  >
BlankIndicator           <  >
BlankIndicator           <  >
BlankIndicator           <  >
EOL                      <
>
/*===TREE===*/
(r
  (cspec_fixed
    C
    (cs_controlLevel '  ')
    (onOffIndicatorsFlag ' ')
    (cs_indicators '  ')
    (factor '              ')
    (cspec_fixed_standard
      (csBEGSR
        BEGSR
        (cspec_fixed_standard_parts
          (factor (factorContent SUBRT1))
          (resultType '              ')
          '     '
          '  '
          (resultIndicator '  ')
          (resultIndicator '  ')
          (resultIndicator '  ')
          \r\n
        )
      )
    )
  )
  (cspec_fixed
    C
    (cs_controlLevel '  ')
    (onOffIndicatorsFlag ' ')
    (cs_indicators '  ')
    (factor '              ')
    (cspec_fixed_standard
      (csENDSR
        ENDSR
        (cspec_fixed_standard_parts
          (factor (factorContent SUBRT1))
          (resultType '              ')
          '     '
          '  '
          (resultIndicator '  ')
          (resultIndicator '  ')
          (resultIndicator '  ')
          \r\n
        )
      )
    )
  )
)
/*======*/